[12180:12184:0324/112717.706:WARNING:chrome_main_delegate.cc(745)] This is Chrome version 128.0.6613.138 (not a warning)
[12180:12184:0324/112717.921:WARNING:account_consistency_mode_manager.cc(77)] Desktop Identity Consistency cannot be enabled as no OAuth client ID and client secret have been configured.
[12332:12336:0324/112744.853:WARNING:frame_impl.cc(430)] virtual CefFrameImpl::SendProcessMessage sent to detached frame 5-C0362DCF4BBBFA8E6AFAA325A7112D39 will be ignored
[12180:8944:0324/112827.980:WARNING:browser_info.cc(345)] Returning a speculative frame for [8,9]
[12180:12184:0324/112828.307:WARNING:browser_info.cc(345)] Returning a speculative frame for [9,9]
[12180:12184:0324/112828.307:WARNING:browser_info.cc(345)] Returning a speculative frame for [9,9]
[12180:12184:0324/112828.344:WARNING:browser_info.cc(345)] Returning a speculative frame for [9,9]
[12180:12184:0324/112828.344:WARNING:browser_info.cc(345)] Returning a speculative frame for [9,9]
[12180:8944:0324/112828.645:WARNING:browser_info.cc(345)] Returning a speculative frame for [9,9]
[12180:8944:0324/113048.015:WARNING:browser_info.cc(345)] Returning a speculative frame for [10,9]
[12180:12184:0324/113048.343:WARNING:browser_info.cc(345)] Returning a speculative frame for [10,9]
[12180:12184:0324/113048.343:WARNING:browser_info.cc(345)] Returning a speculative frame for [10,9]
[12180:12184:0324/113048.343:WARNING:browser_info.cc(345)] Returning a speculative frame for [10,9]
[12180:12184:0324/113048.343:WARNING:browser_info.cc(345)] Returning a speculative frame for [10,9]
[12180:8944:0324/113307.102:WARNING:browser_info.cc(345)] Returning a speculative frame for [13,9]
[12180:12184:0324/113307.431:WARNING:browser_info.cc(345)] Returning a speculative frame for [13,9]
[12180:12184:0324/113307.432:WARNING:browser_info.cc(345)] Returning a speculative frame for [13,9]
[12180:12184:0324/113307.432:WARNING:browser_info.cc(345)] Returning a speculative frame for [13,9]
[12180:12184:0324/113307.432:WARNING:browser_info.cc(345)] Returning a speculative frame for [13,9]
[12180:8944:0324/113533.330:WARNING:browser_info.cc(345)] Returning a speculative frame for [15,9]
[12180:12184:0324/113534.991:WARNING:browser_info.cc(345)] Returning a speculative frame for [15,9]
[12180:12184:0324/113534.991:WARNING:browser_info.cc(345)] Returning a speculative frame for [15,9]
[12180:12184:0324/113534.991:WARNING:browser_info.cc(345)] Returning a speculative frame for [15,9]
[12180:12184:0324/113534.991:WARNING:browser_info.cc(345)] Returning a speculative frame for [15,9]
[12180:8944:0324/113808.381:WARNING:browser_info.cc(345)] Returning a speculative frame for [17,9]
[12180:12184:0324/113808.708:WARNING:browser_info.cc(345)] Returning a speculative frame for [17,9]
[12180:12184:0324/113808.708:WARNING:browser_info.cc(345)] Returning a speculative frame for [17,9]
[12180:12184:0324/113808.709:WARNING:browser_info.cc(345)] Returning a speculative frame for [17,9]
[12180:12184:0324/113808.709:WARNING:browser_info.cc(345)] Returning a speculative frame for [17,9]
[12180:8944:0324/114038.774:WARNING:browser_info.cc(345)] Returning a speculative frame for [18,9]
[12180:12184:0324/114039.770:WARNING:browser_info.cc(345)] Returning a speculative frame for [18,9]
[12180:12184:0324/114039.770:WARNING:browser_info.cc(345)] Returning a speculative frame for [18,9]
[12180:12184:0324/114039.770:WARNING:browser_info.cc(345)] Returning a speculative frame for [18,9]
[12180:12184:0324/114039.770:WARNING:browser_info.cc(345)] Returning a speculative frame for [18,9]
[12180:8944:0324/114312.830:WARNING:browser_info.cc(345)] Returning a speculative frame for [20,9]
[12180:12184:0324/114313.157:WARNING:browser_info.cc(345)] Returning a speculative frame for [20,9]
[12180:12184:0324/114313.157:WARNING:browser_info.cc(345)] Returning a speculative frame for [20,9]
[12180:12184:0324/114313.157:WARNING:browser_info.cc(345)] Returning a speculative frame for [20,9]
[12180:12184:0324/114313.157:WARNING:browser_info.cc(345)] Returning a speculative frame for [20,9]
[12180:8944:0324/114545.220:WARNING:browser_info.cc(345)] Returning a speculative frame for [21,9]
[12180:12184:0324/114546.215:WARNING:browser_info.cc(345)] Returning a speculative frame for [21,9]
[12180:12184:0324/114546.215:WARNING:browser_info.cc(345)] Returning a speculative frame for [21,9]
[12180:12184:0324/114546.215:WARNING:browser_info.cc(345)] Returning a speculative frame for [21,9]
[12180:12184:0324/114546.215:WARNING:browser_info.cc(345)] Returning a speculative frame for [21,9]
[12180:8944:0324/114817.276:WARNING:browser_info.cc(345)] Returning a speculative frame for [22,9]
[12180:12184:0324/114817.604:WARNING:browser_info.cc(345)] Returning a speculative frame for [22,9]
[12180:12184:0324/114817.604:WARNING:browser_info.cc(345)] Returning a speculative frame for [22,9]
[12180:12184:0324/114817.604:WARNING:browser_info.cc(345)] Returning a speculative frame for [22,9]
[12180:12184:0324/114817.604:WARNING:browser_info.cc(345)] Returning a speculative frame for [22,9]
[12180:8944:0324/115047.661:WARNING:browser_info.cc(345)] Returning a speculative frame for [24,9]
[12180:12184:0324/115048.323:WARNING:browser_info.cc(345)] Returning a speculative frame for [24,9]
[12180:12184:0324/115048.323:WARNING:browser_info.cc(345)] Returning a speculative frame for [24,9]
[12180:12184:0324/115048.323:WARNING:browser_info.cc(345)] Returning a speculative frame for [24,9]
[12180:12184:0324/115048.323:WARNING:browser_info.cc(345)] Returning a speculative frame for [24,9]
[12180:8944:0324/115322.048:WARNING:browser_info.cc(345)] Returning a speculative frame for [25,9]
[12180:12184:0324/115322.709:WARNING:browser_info.cc(345)] Returning a speculative frame for [25,9]
[12180:12184:0324/115322.709:WARNING:browser_info.cc(345)] Returning a speculative frame for [25,9]
[12180:12184:0324/115322.709:WARNING:browser_info.cc(345)] Returning a speculative frame for [25,9]
[12180:12184:0324/115322.709:WARNING:browser_info.cc(345)] Returning a speculative frame for [25,9]
[12180:8944:0324/115554.763:WARNING:browser_info.cc(345)] Returning a speculative frame for [27,9]
[12180:12184:0324/115555.423:WARNING:browser_info.cc(345)] Returning a speculative frame for [27,9]
[12180:12184:0324/115555.423:WARNING:browser_info.cc(345)] Returning a speculative frame for [27,9]
[12180:12184:0324/115555.423:WARNING:browser_info.cc(345)] Returning a speculative frame for [27,9]
[12180:12184:0324/115555.423:WARNING:browser_info.cc(345)] Returning a speculative frame for [27,9]
[12180:8944:0324/115826.490:WARNING:browser_info.cc(345)] Returning a speculative frame for [28,9]
[12180:12184:0324/115827.151:WARNING:browser_info.cc(345)] Returning a speculative frame for [28,9]
[12180:12184:0324/115827.151:WARNING:browser_info.cc(345)] Returning a speculative frame for [28,9]
[12180:12184:0324/115827.152:WARNING:browser_info.cc(345)] Returning a speculative frame for [28,9]
[12180:12184:0324/115827.152:WARNING:browser_info.cc(345)] Returning a speculative frame for [28,9]
[12180:8944:0324/120056.550:WARNING:browser_info.cc(345)] Returning a speculative frame for [29,9]
[12180:12184:0324/120056.879:WARNING:browser_info.cc(345)] Returning a speculative frame for [29,9]
[12180:12184:0324/120056.879:WARNING:browser_info.cc(345)] Returning a speculative frame for [29,9]
[12180:12184:0324/120056.879:WARNING:browser_info.cc(345)] Returning a speculative frame for [29,9]
[12180:12184:0324/120056.879:WARNING:browser_info.cc(345)] Returning a speculative frame for [29,9]
[12180:8944:0324/120324.275:WARNING:browser_info.cc(345)] Returning a speculative frame for [31,9]
[12180:12184:0324/120324.935:WARNING:browser_info.cc(345)] Returning a speculative frame for [31,9]
[12180:12184:0324/120324.935:WARNING:browser_info.cc(345)] Returning a speculative frame for [31,9]
[12180:12184:0324/120324.935:WARNING:browser_info.cc(345)] Returning a speculative frame for [31,9]
[12180:12184:0324/120324.935:WARNING:browser_info.cc(345)] Returning a speculative frame for [31,9]
[12180:8944:0324/120554.521:WARNING:browser_info.cc(345)] Returning a speculative frame for [32,9]
[12180:12184:0324/120555.181:WARNING:browser_info.cc(345)] Returning a speculative frame for [32,9]
[12180:12184:0324/120555.182:WARNING:browser_info.cc(345)] Returning a speculative frame for [32,9]
[12180:12184:0324/120555.182:WARNING:browser_info.cc(345)] Returning a speculative frame for [32,9]
[12180:12184:0324/120555.182:WARNING:browser_info.cc(345)] Returning a speculative frame for [32,9]
[12180:12184:0324/120642.173:WARNING:pref_notifier_impl.cc(41)] Pref observer for media_router.cast_allow_all_ips found at shutdown.
