[10484:6804:0328/173521.695:WARNING:chrome_main_delegate.cc(745)] This is Chrome version 128.0.6613.138 (not a warning)
[10484:6804:0328/173521.815:WARNING:account_consistency_mode_manager.cc(77)] Desktop Identity Consistency cannot be enabled as no OAuth client ID and client secret have been configured.
[7688:10560:0328/173525.064:WARNING:frame_impl.cc(430)] virtual CefFrameImpl::SendProcessMessage sent to detached frame 5-11A0E1E0205C642C6CCF11CE06E2BDE1 will be ignored
[10484:4864:0328/173525.474:WARNING:browser_info.cc(345)] Returning a speculative frame for [7,9]
[10484:6804:0328/173525.752:WARNING:browser_info.cc(345)] Returning a speculative frame for [8,9]
[10484:6804:0328/173525.752:WARNING:browser_info.cc(345)] Returning a speculative frame for [8,9]
[10484:6804:0328/173525.753:WARNING:browser_info.cc(345)] Returning a speculative frame for [8,9]
[10484:6804:0328/173525.753:WARNING:browser_info.cc(345)] Returning a speculative frame for [8,9]
[10484:4864:0328/173525.757:WARNING:browser_info.cc(345)] Returning a speculative frame for [8,9]
[5116:8288:0328/173735.140:ERROR:shared_image_manager.cc(224)] SharedImageManager::ProduceSkia: Trying to Produce a Skia representation from a non-existent mailbox.
[5116:8288:0328/173735.140:ERROR:shared_image_manager.cc(224)] SharedImageManager::ProduceSkia: Trying to Produce a Skia representation from a non-existent mailbox.
[10484:6804:0328/193751.031:WARNING:page_discarding_helper.cc(138)] Discarding multiple pages with target (kb): 0
[10484:6804:0328/215053.821:WARNING:page_discarding_helper.cc(138)] Discarding multiple pages with target (kb): 0
[10484:6804:0328/215914.660:WARNING:page_discarding_helper.cc(138)] Discarding multiple pages with target (kb): 0
[10484:6804:0328/215919.661:WARNING:page_discarding_helper.cc(138)] Discarding multiple pages with target (kb): 0
[10484:6804:0328/215924.664:WARNING:page_discarding_helper.cc(138)] Discarding multiple pages with target (kb): 0
[10484:6804:0328/215929.665:WARNING:page_discarding_helper.cc(138)] Discarding multiple pages with target (kb): 0
[10484:6804:0328/215934.665:WARNING:page_discarding_helper.cc(138)] Discarding multiple pages with target (kb): 0
[10484:6804:0328/215939.666:WARNING:page_discarding_helper.cc(138)] Discarding multiple pages with target (kb): 0
[10484:6804:0328/215944.666:WARNING:page_discarding_helper.cc(138)] Discarding multiple pages with target (kb): 0
[10484:6804:0328/215949.667:WARNING:page_discarding_helper.cc(138)] Discarding multiple pages with target (kb): 0
[10484:6804:0328/215954.668:WARNING:page_discarding_helper.cc(138)] Discarding multiple pages with target (kb): 0
[10484:6804:0328/215959.668:WARNING:page_discarding_helper.cc(138)] Discarding multiple pages with target (kb): 0
[10484:6804:0328/220004.669:WARNING:page_discarding_helper.cc(138)] Discarding multiple pages with target (kb): 0
[10484:6804:0328/220009.670:WARNING:page_discarding_helper.cc(138)] Discarding multiple pages with target (kb): 0
[10484:6804:0328/220014.670:WARNING:page_discarding_helper.cc(138)] Discarding multiple pages with target (kb): 0
[10484:6804:0328/220019.671:WARNING:page_discarding_helper.cc(138)] Discarding multiple pages with target (kb): 0
[10484:6804:0328/220024.671:WARNING:page_discarding_helper.cc(138)] Discarding multiple pages with target (kb): 0
[10484:6804:0328/220029.671:WARNING:page_discarding_helper.cc(138)] Discarding multiple pages with target (kb): 0
[10484:6804:0328/220034.671:WARNING:page_discarding_helper.cc(138)] Discarding multiple pages with target (kb): 0
[10484:6804:0328/220039.672:WARNING:page_discarding_helper.cc(138)] Discarding multiple pages with target (kb): 0
[10484:6804:0328/220044.672:WARNING:page_discarding_helper.cc(138)] Discarding multiple pages with target (kb): 0
[10484:6804:0328/220049.672:WARNING:page_discarding_helper.cc(138)] Discarding multiple pages with target (kb): 0
[10484:6804:0328/220054.671:WARNING:page_discarding_helper.cc(138)] Discarding multiple pages with target (kb): 0
[10484:6804:0328/220059.672:WARNING:page_discarding_helper.cc(138)] Discarding multiple pages with target (kb): 0
[10484:6804:0328/220104.672:WARNING:page_discarding_helper.cc(138)] Discarding multiple pages with target (kb): 0
[10484:6804:0328/220109.673:WARNING:page_discarding_helper.cc(138)] Discarding multiple pages with target (kb): 0
[10484:6804:0328/220114.675:WARNING:page_discarding_helper.cc(138)] Discarding multiple pages with target (kb): 0
[10484:6804:0328/220119.675:WARNING:page_discarding_helper.cc(138)] Discarding multiple pages with target (kb): 0
[10484:6804:0328/220124.677:WARNING:page_discarding_helper.cc(138)] Discarding multiple pages with target (kb): 0
[10484:6804:0328/220129.678:WARNING:page_discarding_helper.cc(138)] Discarding multiple pages with target (kb): 0
[10484:6804:0328/220134.680:WARNING:page_discarding_helper.cc(138)] Discarding multiple pages with target (kb): 0
[10484:6804:0328/220209.686:WARNING:page_discarding_helper.cc(138)] Discarding multiple pages with target (kb): 0
[10484:6804:0328/220214.688:WARNING:page_discarding_helper.cc(138)] Discarding multiple pages with target (kb): 0
[10484:6804:0328/220234.693:WARNING:page_discarding_helper.cc(138)] Discarding multiple pages with target (kb): 0
[10484:6804:0328/220239.695:WARNING:page_discarding_helper.cc(138)] Discarding multiple pages with target (kb): 0
[10484:6804:0328/220244.697:WARNING:page_discarding_helper.cc(138)] Discarding multiple pages with target (kb): 0
[10484:6804:0328/220249.696:WARNING:page_discarding_helper.cc(138)] Discarding multiple pages with target (kb): 0
[10484:6804:0328/220304.701:WARNING:page_discarding_helper.cc(138)] Discarding multiple pages with target (kb): 0
[10484:6804:0328/220309.701:WARNING:page_discarding_helper.cc(138)] Discarding multiple pages with target (kb): 0
[10484:6804:0328/220314.703:WARNING:page_discarding_helper.cc(138)] Discarding multiple pages with target (kb): 0
[10484:6804:0328/220319.704:WARNING:page_discarding_helper.cc(138)] Discarding multiple pages with target (kb): 0
[10484:6804:0328/220324.704:WARNING:page_discarding_helper.cc(138)] Discarding multiple pages with target (kb): 0
[10484:6804:0328/220329.705:WARNING:page_discarding_helper.cc(138)] Discarding multiple pages with target (kb): 0
[10484:6804:0328/220334.704:WARNING:page_discarding_helper.cc(138)] Discarding multiple pages with target (kb): 0
[10484:6804:0328/220339.706:WARNING:page_discarding_helper.cc(138)] Discarding multiple pages with target (kb): 0
[10484:6804:0328/220344.706:WARNING:page_discarding_helper.cc(138)] Discarding multiple pages with target (kb): 0
[10484:6804:0328/220349.706:WARNING:page_discarding_helper.cc(138)] Discarding multiple pages with target (kb): 0
[10484:6804:0328/220354.706:WARNING:page_discarding_helper.cc(138)] Discarding multiple pages with target (kb): 0
[10484:6804:0328/220359.706:WARNING:page_discarding_helper.cc(138)] Discarding multiple pages with target (kb): 0
[10484:6804:0328/220404.708:WARNING:page_discarding_helper.cc(138)] Discarding multiple pages with target (kb): 0
[10484:6804:0328/220409.710:WARNING:page_discarding_helper.cc(138)] Discarding multiple pages with target (kb): 0
[10484:6804:0328/220414.711:WARNING:page_discarding_helper.cc(138)] Discarding multiple pages with target (kb): 0
[10484:6804:0328/220419.712:WARNING:page_discarding_helper.cc(138)] Discarding multiple pages with target (kb): 0
[10484:6804:0328/220424.713:WARNING:page_discarding_helper.cc(138)] Discarding multiple pages with target (kb): 0
[10484:6804:0328/220429.713:WARNING:page_discarding_helper.cc(138)] Discarding multiple pages with target (kb): 0
[10484:6804:0328/220434.715:WARNING:page_discarding_helper.cc(138)] Discarding multiple pages with target (kb): 0
[10484:6804:0328/220439.717:WARNING:page_discarding_helper.cc(138)] Discarding multiple pages with target (kb): 0
[10484:6804:0328/220444.719:WARNING:page_discarding_helper.cc(138)] Discarding multiple pages with target (kb): 0
[10484:6804:0328/220449.721:WARNING:page_discarding_helper.cc(138)] Discarding multiple pages with target (kb): 0
[10484:6804:0328/220454.721:WARNING:page_discarding_helper.cc(138)] Discarding multiple pages with target (kb): 0
[10484:6804:0328/220459.724:WARNING:page_discarding_helper.cc(138)] Discarding multiple pages with target (kb): 0
[10484:6804:0328/220504.725:WARNING:page_discarding_helper.cc(138)] Discarding multiple pages with target (kb): 0
[10484:6804:0328/220509.724:WARNING:page_discarding_helper.cc(138)] Discarding multiple pages with target (kb): 0
[10484:6804:0328/220514.725:WARNING:page_discarding_helper.cc(138)] Discarding multiple pages with target (kb): 0
[10484:6804:0328/220519.725:WARNING:page_discarding_helper.cc(138)] Discarding multiple pages with target (kb): 0
[10484:6804:0328/220524.726:WARNING:page_discarding_helper.cc(138)] Discarding multiple pages with target (kb): 0
[10484:6804:0328/220529.727:WARNING:page_discarding_helper.cc(138)] Discarding multiple pages with target (kb): 0
[10484:6804:0328/220534.728:WARNING:page_discarding_helper.cc(138)] Discarding multiple pages with target (kb): 0
[10484:6804:0328/220539.729:WARNING:page_discarding_helper.cc(138)] Discarding multiple pages with target (kb): 0
[10484:6804:0328/220544.729:WARNING:page_discarding_helper.cc(138)] Discarding multiple pages with target (kb): 0
[10484:6804:0328/220549.730:WARNING:page_discarding_helper.cc(138)] Discarding multiple pages with target (kb): 0
[10484:6804:0328/220554.730:WARNING:page_discarding_helper.cc(138)] Discarding multiple pages with target (kb): 0
[10484:6804:0328/220559.731:WARNING:page_discarding_helper.cc(138)] Discarding multiple pages with target (kb): 0
[10484:6804:0328/220604.733:WARNING:page_discarding_helper.cc(138)] Discarding multiple pages with target (kb): 0
[10484:6804:0328/220609.735:WARNING:page_discarding_helper.cc(138)] Discarding multiple pages with target (kb): 0
[10484:6804:0328/220614.735:WARNING:page_discarding_helper.cc(138)] Discarding multiple pages with target (kb): 0
[10484:6804:0328/220619.736:WARNING:page_discarding_helper.cc(138)] Discarding multiple pages with target (kb): 0
[10484:6804:0328/220624.736:WARNING:page_discarding_helper.cc(138)] Discarding multiple pages with target (kb): 0
[10484:6804:0328/220629.736:WARNING:page_discarding_helper.cc(138)] Discarding multiple pages with target (kb): 0
[10484:6804:0328/220634.736:WARNING:page_discarding_helper.cc(138)] Discarding multiple pages with target (kb): 0
[10484:6804:0328/220639.737:WARNING:page_discarding_helper.cc(138)] Discarding multiple pages with target (kb): 0
[10484:6804:0328/220644.737:WARNING:page_discarding_helper.cc(138)] Discarding multiple pages with target (kb): 0
[10484:6804:0328/220649.738:WARNING:page_discarding_helper.cc(138)] Discarding multiple pages with target (kb): 0
[10484:6804:0328/220654.739:WARNING:page_discarding_helper.cc(138)] Discarding multiple pages with target (kb): 0
